19:34:07 **** Build of configuration Debug for project camerlink_update ****
make all 
'Building file: ../src/nuc/IRNUC.c'
'Invoking: ARM v8 gcc compiler'
aarch64-none-elf-gcc -Wall -O2 -g3 -c -fmessage-length=0 -MT"src/nuc/IRNUC.o" -ID:/project/vitis_final/lwip_modi_3/export/lwip_modi_3/sw/lwip_modi_3/standalone_on_psu_cortexa53_1/bspinclude/include -MMD -MP -MF"src/nuc/IRNUC.d" -MT"src/nuc/IRNUC.o" -o "src/nuc/IRNUC.o" "../src/nuc/IRNUC.c"
../src/nuc/IRNUC.c: In function 'infrared_NUC':
../src/nuc/IRNUC.c:48:15: warning: too many arguments for format [-Wformat-extra-args]
   48 |        printf("cpu0 read image update weight\n", n);
      |               ^~~~~~~~~~~~~~~~~~~~~~~~~~~~~~~~~
../src/nuc/IRNUC.c:26:21: warning: unused variable 'MAX' [-Wunused-variable]
   26 |     double MIN = 0, MAX = 65535;   // 2^16-1
      |                     ^~~
../src/nuc/IRNUC.c:26:12: warning: unused variable 'MIN' [-Wunused-variable]
   26 |     double MIN = 0, MAX = 65535;   // 2^16-1
      |            ^~~
../src/nuc/IRNUC.c:24:9: warning: unused variable 'time_r' [-Wunused-variable]
   24 |     u32 time_r,SSN_time = 0;
      |         ^~~~~~
'Finished building: ../src/nuc/IRNUC.c'
' '
'Building file: ../src/nuc/InitParam.c'
'Invoking: ARM v8 gcc compiler'
aarch64-none-elf-gcc -Wall -O2 -g3 -c -fmessage-length=0 -MT"src/nuc/InitParam.o" -ID:/project/vitis_final/lwip_modi_3/export/lwip_modi_3/sw/lwip_modi_3/standalone_on_psu_cortexa53_1/bspinclude/include -MMD -MP -MF"src/nuc/InitParam.d" -MT"src/nuc/InitParam.o" -o "src/nuc/InitParam.o" "../src/nuc/InitParam.c"
'Finished building: ../src/nuc/InitParam.c'
' '
'Building file: ../src/nuc/SSN.c'
'Invoking: ARM v8 gcc compiler'
aarch64-none-elf-gcc -Wall -O2 -g3 -c -fmessage-length=0 -MT"src/nuc/SSN.o" -ID:/project/vitis_final/lwip_modi_3/export/lwip_modi_3/sw/lwip_modi_3/standalone_on_psu_cortexa53_1/bspinclude/include -MMD -MP -MF"src/nuc/SSN.d" -MT"src/nuc/SSN.o" -o "src/nuc/SSN.o" "../src/nuc/SSN.c"
../src/nuc/SSN.c: In function 'updateWeight':
../src/nuc/SSN.c:29:5: warning: this 'while' clause does not guard... [-Wmisleading-indentation]
   29 |     while(get_weight() == 1);//缁涘绶熸稉濠佺濞嗏剝娼堥柌宥堫潶鐠囪褰�?
      |     ^~~~~
../src/nuc/SSN.c:30:2: note: ...this statement, but the latter is misleadingly indented as if it were guarded by the 'while'
   30 |  write_weight(dst);//閸愭瑥鍙嗛弬鎵畱閺夊啴鍣�
      |  ^~~~~~~~~~~~
../src/nuc/SSN.c: In function 'SSN':
../src/nuc/SSN.c:78:20: warning: unused variable 'start_time' [-Wunused-variable]
   78 |     struct timeval start_time;
      |                    ^~~~~~~~~~
../src/nuc/SSN.c:77:20: warning: unused variable 'end_time' [-Wunused-variable]
   77 |     struct timeval end_time;
      |                    ^~~~~~~~
'Finished building: ../src/nuc/SSN.c'
' '
'Building file: ../src/nuc/main.c'
'Invoking: ARM v8 gcc compiler'
aarch64-none-elf-gcc -Wall -O2 -g3 -c -fmessage-length=0 -MT"src/nuc/main.o" -ID:/project/vitis_final/lwip_modi_3/export/lwip_modi_3/sw/lwip_modi_3/standalone_on_psu_cortexa53_1/bspinclude/include -MMD -MP -MF"src/nuc/main.d" -MT"src/nuc/main.o" -o "src/nuc/main.o" "../src/nuc/main.c"
'Finished building: ../src/nuc/main.c'
' '
'Building file: ../src/nuc/shareOp.c'
'Invoking: ARM v8 gcc compiler'
aarch64-none-elf-gcc -Wall -O2 -g3 -c -fmessage-length=0 -MT"src/nuc/shareOp.o" -ID:/project/vitis_final/lwip_modi_3/export/lwip_modi_3/sw/lwip_modi_3/standalone_on_psu_cortexa53_1/bspinclude/include -MMD -MP -MF"src/nuc/shareOp.d" -MT"src/nuc/shareOp.o" -o "src/nuc/shareOp.o" "../src/nuc/shareOp.c"
../src/nuc/shareOp.c: In function 'read_share_data':
../src/nuc/shareOp.c:6:38: warning: passing argument 1 of 'Xil_In32' makes integer from pointer without a cast [-Wint-conversion]
    6 |   shareData->data[i] = Xil_In32(addr + i);
      |                                 ~~~~~^~~
      |                                      |
      |                                      int *
In file included from D:/project/vitis_final/lwip_modi_3/export/lwip_modi_3/sw/lwip_modi_3/standalone_on_psu_cortexa53_1/bspinclude/include/xscugic.h:189,
                 from ../src/nuc/shareOpConfig.h:8,
                 from ../src/nuc/shareOp.c:1:
D:/project/vitis_final/lwip_modi_3/export/lwip_modi_3/sw/lwip_modi_3/standalone_on_psu_cortexa53_1/bspinclude/include/xil_io.h:134:36: note: expected 'UINTPTR' {aka 'long unsigned int'} but argument is of type 'int *'
  134 | static INLINE u32 Xil_In32(UINTPTR Addr)
      |                            ~~~~~~~~^~~~
../src/nuc/shareOp.c:8:12: warning: passing argument 1 of 'Xil_Out32' makes integer from pointer without a cast [-Wint-conversion]
    8 |  Xil_Out32(flag, 0);
      |            ^~~~
      |            |
      |            int *
In file included from D:/project/vitis_final/lwip_modi_3/export/lwip_modi_3/sw/lwip_modi_3/standalone_on_psu_cortexa53_1/bspinclude/include/xscugic.h:189,
                 from ../src/nuc/shareOpConfig.h:8,
                 from ../src/nuc/shareOp.c:1:
D:/project/vitis_final/lwip_modi_3/export/lwip_modi_3/sw/lwip_modi_3/standalone_on_psu_cortexa53_1/bspinclude/include/xil_io.h:208:38: note: expected 'UINTPTR' {aka 'long unsigned int'} but argument is of type 'int *'
  208 | static INLINE void Xil_Out32(UINTPTR Addr, u32 Value)
      |                              ~~~~~~~~^~~~
../src/nuc/shareOp.c: In function 'write_share_data':
../src/nuc/shareOp.c:14:18: warning: passing argument 1 of 'Xil_Out32' makes integer from pointer without a cast [-Wint-conversion]
   14 |   Xil_Out32(addr + i, shareData->data[i]);
      |             ~~~~~^~~
      |                  |
      |                  int *
In file included from D:/project/vitis_final/lwip_modi_3/export/lwip_modi_3/sw/lwip_modi_3/standalone_on_psu_cortexa53_1/bspinclude/include/xscugic.h:189,
                 from ../src/nuc/shareOpConfig.h:8,
                 from ../src/nuc/shareOp.c:1:
D:/project/vitis_final/lwip_modi_3/export/lwip_modi_3/sw/lwip_modi_3/standalone_on_psu_cortexa53_1/bspinclude/include/xil_io.h:208:38: note: expected 'UINTPTR' {aka 'long unsigned int'} but argument is of type 'int *'
  208 | static INLINE void Xil_Out32(UINTPTR Addr, u32 Value)
      |                              ~~~~~~~~^~~~
../src/nuc/shareOp.c:16:12: warning: passing argument 1 of 'Xil_Out32' makes integer from pointer without a cast [-Wint-conversion]
   16 |  Xil_Out32(flag, 1);
      |            ^~~~
      |            |
      |            int *
In file included from D:/project/vitis_final/lwip_modi_3/export/lwip_modi_3/sw/lwip_modi_3/standalone_on_psu_cortexa53_1/bspinclude/include/xscugic.h:189,
                 from ../src/nuc/shareOpConfig.h:8,
                 from ../src/nuc/shareOp.c:1:
D:/project/vitis_final/lwip_modi_3/export/lwip_modi_3/sw/lwip_modi_3/standalone_on_psu_cortexa53_1/bspinclude/include/xil_io.h:208:38: note: expected 'UINTPTR' {aka 'long unsigned int'} but argument is of type 'int *'
  208 | static INLINE void Xil_Out32(UINTPTR Addr, u32 Value)
      |                              ~~~~~~~~^~~~
In file included from ../src/nuc/shareOp.c:1:
../src/nuc/shareOp.c: In function 'read_weight':
../src/nuc/shareOpConfig.h:20:25: warning: passing argument 2 of 'read_share_data' makes pointer from integer without a cast [-Wint-conversion]
   20 | #define SHARE_BASE_ADDR 0x70000000
      |                         ^
      |                         |
      |                         int
../src/nuc/shareOpConfig.h:29:27: note: in expansion of macro 'SHARE_BASE_ADDR'
   29 | #define WEIGHT_BASE       SHARE_BASE_ADDR + (640 * 512 * 4 + 0x20)
      |                           ^~~~~~~~~~~~~~~
../src/nuc/shareOp.c:20:30: note: in expansion of macro 'WEIGHT_BASE'
   20 |  read_share_data(weight_s32, WEIGHT_BASE, WEIGHT_FLAG_BASE);
      |                              ^~~~~~~~~~~
../src/nuc/shareOp.c:3:47: note: expected 'int *' but argument is of type 'int'
    3 | void read_share_data(mat_s32 *shareData, int *addr, int *flag){
      |                                          ~~~~~^~~~
In file included from ../src/nuc/shareOp.c:1:
../src/nuc/shareOpConfig.h:20:25: warning: passing argument 3 of 'read_share_data' makes pointer from integer without a cast [-Wint-conversion]
   20 | #define SHARE_BASE_ADDR 0x70000000
      |                         ^
      |                         |
      |                         int
../src/nuc/shareOpConfig.h:25:28: note: in expansion of macro 'SHARE_BASE_ADDR'
   25 | #define WEIGHT_FLAG_BASE   SHARE_BASE_ADDR + 0xc
      |                            ^~~~~~~~~~~~~~~
../src/nuc/shareOp.c:20:43: note: in expansion of macro 'WEIGHT_FLAG_BASE'
   20 |  read_share_data(weight_s32, WEIGHT_BASE, WEIGHT_FLAG_BASE);
      |                                           ^~~~~~~~~~~~~~~~
../src/nuc/shareOp.c:3:58: note: expected 'int *' but argument is of type 'int'
    3 | void read_share_data(mat_s32 *shareData, int *addr, int *flag){
      |                                                     ~~~~~^~~~
In file included from ../src/nuc/shareOp.c:1:
../src/nuc/shareOp.c: In function 'write_weight':
../src/nuc/shareOpConfig.h:20:25: warning: passing argument 2 of 'write_share_data' makes pointer from integer without a cast [-Wint-conversion]
   20 | #define SHARE_BASE_ADDR 0x70000000
      |                         ^
      |                         |
      |                         int
../src/nuc/shareOpConfig.h:29:27: note: in expansion of macro 'SHARE_BASE_ADDR'
   29 | #define WEIGHT_BASE       SHARE_BASE_ADDR + (640 * 512 * 4 + 0x20)
      |                           ^~~~~~~~~~~~~~~
../src/nuc/shareOp.c:24:31: note: in expansion of macro 'WEIGHT_BASE'
   24 |  write_share_data(weight_s32, WEIGHT_BASE, WEIGHT_FLAG_BASE);
      |                               ^~~~~~~~~~~
../src/nuc/shareOp.c:11:48: note: expected 'int *' but argument is of type 'int'
   11 | void write_share_data(mat_s32 *shareData, int *addr, int *flag){
      |                                           ~~~~~^~~~
In file included from ../src/nuc/shareOp.c:1:
../src/nuc/shareOpConfig.h:20:25: warning: passing argument 3 of 'write_share_data' makes pointer from integer without a cast [-Wint-conversion]
   20 | #define SHARE_BASE_ADDR 0x70000000
      |                         ^
      |                         |
      |                         int
../src/nuc/shareOpConfig.h:25:28: note: in expansion of macro 'SHARE_BASE_ADDR'
   25 | #define WEIGHT_FLAG_BASE   SHARE_BASE_ADDR + 0xc
      |                            ^~~~~~~~~~~~~~~
../src/nuc/shareOp.c:24:44: note: in expansion of macro 'WEIGHT_FLAG_BASE'
   24 |  write_share_data(weight_s32, WEIGHT_BASE, WEIGHT_FLAG_BASE);
      |                                            ^~~~~~~~~~~~~~~~
../src/nuc/shareOp.c:11:59: note: expected 'int *' but argument is of type 'int'
   11 | void write_share_data(mat_s32 *shareData, int *addr, int *flag){
      |                                                      ~~~~~^~~~
In file included from ../src/nuc/shareOp.c:1:
../src/nuc/shareOp.c: In function 'read_nuc':
../src/nuc/shareOpConfig.h:20:25: warning: passing argument 2 of 'read_share_data' makes pointer from integer without a cast [-Wint-conversion]
   20 | #define SHARE_BASE_ADDR 0x70000000
      |                         ^
      |                         |
      |                         int
../src/nuc/shareOpConfig.h:28:26: note: in expansion of macro 'SHARE_BASE_ADDR'
   28 | #define NUC_BASE         SHARE_BASE_ADDR + 0x20
      |                          ^~~~~~~~~~~~~~~
../src/nuc/shareOp.c:28:27: note: in expansion of macro 'NUC_BASE'
   28 |  read_share_data(nuc_s32, NUC_BASE, IMAGE_FLAG_BASE);
      |                           ^~~~~~~~
../src/nuc/shareOp.c:3:47: note: expected 'int *' but argument is of type 'int'
    3 | void read_share_data(mat_s32 *shareData, int *addr, int *flag){
      |                                          ~~~~~^~~~
In file included from ../src/nuc/shareOp.c:1:
../src/nuc/shareOpConfig.h:20:25: warning: passing argument 3 of 'read_share_data' makes pointer from integer without a cast [-Wint-conversion]
   20 | #define SHARE_BASE_ADDR 0x70000000
      |                         ^
      |                         |
      |                         int
../src/nuc/shareOpConfig.h:24:27: note: in expansion of macro 'SHARE_BASE_ADDR'
   24 | #define IMAGE_FLAG_BASE   SHARE_BASE_ADDR + 0x8
      |                           ^~~~~~~~~~~~~~~
../src/nuc/shareOp.c:28:37: note: in expansion of macro 'IMAGE_FLAG_BASE'
   28 |  read_share_data(nuc_s32, NUC_BASE, IMAGE_FLAG_BASE);
      |                                     ^~~~~~~~~~~~~~~
../src/nuc/shareOp.c:3:58: note: expected 'int *' but argument is of type 'int'
    3 | void read_share_data(mat_s32 *shareData, int *addr, int *flag){
      |                                                     ~~~~~^~~~
In file included from ../src/nuc/shareOp.c:1:
../src/nuc/shareOp.c: In function 'write_nuc':
../src/nuc/shareOpConfig.h:20:25: warning: passing argument 2 of 'write_share_data' makes pointer from integer without a cast [-Wint-conversion]
   20 | #define SHARE_BASE_ADDR 0x70000000
      |                         ^
      |                         |
      |                         int
../src/nuc/shareOpConfig.h:28:26: note: in expansion of macro 'SHARE_BASE_ADDR'
   28 | #define NUC_BASE         SHARE_BASE_ADDR + 0x20
      |                          ^~~~~~~~~~~~~~~
../src/nuc/shareOp.c:32:28: note: in expansion of macro 'NUC_BASE'
   32 |  write_share_data(nuc_s32, NUC_BASE, IMAGE_FLAG_BASE);
      |                            ^~~~~~~~
../src/nuc/shareOp.c:11:48: note: expected 'int *' but argument is of type 'int'
   11 | void write_share_data(mat_s32 *shareData, int *addr, int *flag){
      |                                           ~~~~~^~~~
In file included from ../src/nuc/shareOp.c:1:
../src/nuc/shareOpConfig.h:20:25: warning: passing argument 3 of 'write_share_data' makes pointer from integer without a cast [-Wint-conversion]
   20 | #define SHARE_BASE_ADDR 0x70000000
      |                         ^
      |                         |
      |                         int
../src/nuc/shareOpConfig.h:24:27: note: in expansion of macro 'SHARE_BASE_ADDR'
   24 | #define IMAGE_FLAG_BASE   SHARE_BASE_ADDR + 0x8
      |                           ^~~~~~~~~~~~~~~
../src/nuc/shareOp.c:32:38: note: in expansion of macro 'IMAGE_FLAG_BASE'
   32 |  write_share_data(nuc_s32, NUC_BASE, IMAGE_FLAG_BASE);
      |                                      ^~~~~~~~~~~~~~~
../src/nuc/shareOp.c:11:59: note: expected 'int *' but argument is of type 'int'
   11 | void write_share_data(mat_s32 *shareData, int *addr, int *flag){
      |                                                      ~~~~~^~~~
../src/nuc/shareOp.c: In function 'init_share_addr':
../src/nuc/shareOp.c:37:2: warning: implicit declaration of function 'Xil_SetTlbAttributes' [-Wimplicit-function-declaration]
   37 |  Xil_SetTlbAttributes(SHARE_BASE_ADDR, 0x14de2);  //绂佺�? 0xfffffff0 鐨� Cache 灞炴��
      |  ^~~~~~~~~~~~~~~~~~~~
'Finished building: ../src/nuc/shareOp.c'
' '
'Building target: camerlink_update.elf'
'Invoking: ARM v8 gcc linker'
aarch64-none-elf-gcc -Wl,-T -Wl,../src/lscript.ld -LD:/project/vitis_final/lwip_modi_3/export/lwip_modi_3/sw/lwip_modi_3/standalone_on_psu_cortexa53_1/bsplib/lib -o "camerlink_update.elf"  ./src/xdm/dma.o ./src/xdm/dma_DeNU_2.o  ./src/nuc/DeFPN.o ./src/nuc/DeNU_2.o ./src/nuc/DeNoise.o ./src/nuc/DeShading.o ./src/nuc/DeStrip.o ./src/nuc/IRNUC.o ./src/nuc/InitParam.o ./src/nuc/SSN.o ./src/nuc/file_op.o ./src/nuc/main.o ./src/nuc/shareOp.o ./src/nuc/utils.o  ./src/mat/mat.o ./src/mat/matCalGaussian_f32.o ./src/mat/matCalGaussian_s32.o ./src/mat/matCalGaussian_s64.o ./src/mat/matCalHist.o ./src/mat/matCalMedCover.o ./src/mat/matCal_s32.o ./src/mat/matCal_s64.o  ./src/helloworld.o ./src/platform.o   -lm -Wl,--start-group,-lxil,-lgcc,-lc,--end-group -Wl,--start-group,-lxilffs,-lxil,-lgcc,-lc,--end-group
'Finished building target: camerlink_update.elf'
' '
'Invoking: ARM v8 Print Size'
aarch64-none-elf-size camerlink_update.elf  |tee "camerlink_update.elf.size"
   text	   data	    bss	    dec	    hex	filename
 243592	   4836	446710376	446958804	1aa40cd4	camerlink_update.elf
'Finished building: camerlink_update.elf.size'
' '

19:34:09 Build Finished (took 2s.242ms)

