15:51:22 **** Build of configuration Debug for project cameralink_udp ****
make all 
'Building file: ../src/nuc/InitParam.c'
'Invoking: ARM v8 gcc compiler'
aarch64-none-elf-gcc -Wall -O1 -g3 -c -fmessage-length=0 -MT"src/nuc/InitParam.o" -ID:/project/vitis_final/lwip_modi_3/export/lwip_modi_3/sw/lwip_modi_3/standalone_domain/bspinclude/include -MMD -MP -MF"src/nuc/InitParam.d" -MT"src/nuc/InitParam.o" -o "src/nuc/InitParam.o" "../src/nuc/InitParam.c"
'Finished building: ../src/nuc/InitParam.c'
' '
'Building file: ../src/nuc/SSN.c'
'Invoking: ARM v8 gcc compiler'
aarch64-none-elf-gcc -Wall -O1 -g3 -c -fmessage-length=0 -MT"src/nuc/SSN.o" -ID:/project/vitis_final/lwip_modi_3/export/lwip_modi_3/sw/lwip_modi_3/standalone_domain/bspinclude/include -MMD -MP -MF"src/nuc/SSN.d" -MT"src/nuc/SSN.o" -o "src/nuc/SSN.o" "../src/nuc/SSN.c"
In file included from ../src/nuc/utils.h:11,
                 from ../src/nuc/IRNUC.h:8,
                 from ../src/nuc/SSN.c:5:
../src/nuc/InitParam.h:26:27: warning: 'struct SSN_param' declared inside parameter list will not be visible outside of this definition or declaration
   26 |                    struct SSN_param *ssnParam);
      |                           ^~~~~~~~~
In file included from D:/project/vitis_final/lwip_modi_3/export/lwip_modi_3/sw/lwip_modi_3/standalone_domain/bspinclude/include/xaxidma_bdring.h:60,
                 from D:/project/vitis_final/lwip_modi_3/export/lwip_modi_3/sw/lwip_modi_3/standalone_domain/bspinclude/include/xaxidma.h:467,
                 from ../src/nuc/SSN.c:1:
../src/nuc/SSN.c: In function 'DeNoise_FPGA':
D:/project/vitis_final/lwip_modi_3/export/lwip_modi_3/sw/lwip_modi_3/standalone_domain/bspinclude/include/xstatus.h:43:41: warning: 'return' with a value, in function returning void [-Wreturn-type]
   43 | #define XST_FAILURE                     1L
      |                                         ^~
../src/nuc/SSN.c:53:16: note: in expansion of macro 'XST_FAILURE'
   53 |         return XST_FAILURE;
      |                ^~~~~~~~~~~
../src/nuc/SSN.c:37:6: note: declared here
   37 | void DeNoise_FPGA(mat_s32 *NUC_s32, int mean, int N){
      |      ^~~~~~~~~~~~
In file included from D:/project/vitis_final/lwip_modi_3/export/lwip_modi_3/sw/lwip_modi_3/standalone_domain/bspinclude/include/xaxidma_bdring.h:60,
                 from D:/project/vitis_final/lwip_modi_3/export/lwip_modi_3/sw/lwip_modi_3/standalone_domain/bspinclude/include/xaxidma.h:467,
                 from ../src/nuc/SSN.c:1:
D:/project/vitis_final/lwip_modi_3/export/lwip_modi_3/sw/lwip_modi_3/standalone_domain/bspinclude/include/xstatus.h:43:41: warning: 'return' with a value, in function returning void [-Wreturn-type]
   43 | #define XST_FAILURE                     1L
      |                                         ^~
../src/nuc/SSN.c:60:16: note: in expansion of macro 'XST_FAILURE'
   60 |         return XST_FAILURE;
      |                ^~~~~~~~~~~
../src/nuc/SSN.c:37:6: note: declared here
   37 | void DeNoise_FPGA(mat_s32 *NUC_s32, int mean, int N){
      |      ^~~~~~~~~~~~
In file included from D:/project/vitis_final/lwip_modi_3/export/lwip_modi_3/sw/lwip_modi_3/standalone_domain/bspinclude/include/xaxidma_bdring.h:60,
                 from D:/project/vitis_final/lwip_modi_3/export/lwip_modi_3/sw/lwip_modi_3/standalone_domain/bspinclude/include/xaxidma.h:467,
                 from ../src/nuc/SSN.c:1:
D:/project/vitis_final/lwip_modi_3/export/lwip_modi_3/sw/lwip_modi_3/standalone_domain/bspinclude/include/xstatus.h:43:41: warning: 'return' with a value, in function returning void [-Wreturn-type]
   43 | #define XST_FAILURE                     1L
      |                                         ^~
../src/nuc/SSN.c:70:16: note: in expansion of macro 'XST_FAILURE'
   70 |         return XST_FAILURE;
      |                ^~~~~~~~~~~
../src/nuc/SSN.c:37:6: note: declared here
   37 | void DeNoise_FPGA(mat_s32 *NUC_s32, int mean, int N){
      |      ^~~~~~~~~~~~
In file included from D:/project/vitis_final/lwip_modi_3/export/lwip_modi_3/sw/lwip_modi_3/standalone_domain/bspinclude/include/xaxidma_bdring.h:60,
                 from D:/project/vitis_final/lwip_modi_3/export/lwip_modi_3/sw/lwip_modi_3/standalone_domain/bspinclude/include/xaxidma.h:467,
                 from ../src/nuc/SSN.c:1:
D:/project/vitis_final/lwip_modi_3/export/lwip_modi_3/sw/lwip_modi_3/standalone_domain/bspinclude/include/xstatus.h:42:41: warning: 'return' with a value, in function returning void [-Wreturn-type]
   42 | #define XST_SUCCESS                     0L
      |                                         ^~
../src/nuc/SSN.c:73:12: note: in expansion of macro 'XST_SUCCESS'
   73 |     return XST_SUCCESS;
      |            ^~~~~~~~~~~
../src/nuc/SSN.c:37:6: note: declared here
   37 | void DeNoise_FPGA(mat_s32 *NUC_s32, int mean, int N){
      |      ^~~~~~~~~~~~
In file included from D:/project/vitis_final/lwip_modi_3/export/lwip_modi_3/sw/lwip_modi_3/standalone_domain/bspinclude/include/xaxidma_bdring.h:60,
                 from D:/project/vitis_final/lwip_modi_3/export/lwip_modi_3/sw/lwip_modi_3/standalone_domain/bspinclude/include/xaxidma.h:467,
                 from ../src/nuc/SSN.c:1:
../src/nuc/SSN.c: In function 'wait_DeNoise_FPGA':
D:/project/vitis_final/lwip_modi_3/export/lwip_modi_3/sw/lwip_modi_3/standalone_domain/bspinclude/include/xstatus.h:43:41: warning: 'return' with a value, in function returning void [-Wreturn-type]
   43 | #define XST_FAILURE                     1L
      |                                         ^~
../src/nuc/SSN.c:89:16: note: in expansion of macro 'XST_FAILURE'
   89 |         return XST_FAILURE;
      |                ^~~~~~~~~~~
../src/nuc/SSN.c:76:6: note: declared here
   76 | void wait_DeNoise_FPGA(mat_s32 *NUC_s32, int mean, int N){
      |      ^~~~~~~~~~~~~~~~~
In file included from D:/project/vitis_final/lwip_modi_3/export/lwip_modi_3/sw/lwip_modi_3/standalone_domain/bspinclude/include/xaxidma_bdring.h:60,
                 from D:/project/vitis_final/lwip_modi_3/export/lwip_modi_3/sw/lwip_modi_3/standalone_domain/bspinclude/include/xaxidma.h:467,
                 from ../src/nuc/SSN.c:1:
D:/project/vitis_final/lwip_modi_3/export/lwip_modi_3/sw/lwip_modi_3/standalone_domain/bspinclude/include/xstatus.h:43:41: warning: 'return' with a value, in function returning void [-Wreturn-type]
   43 | #define XST_FAILURE                     1L
      |                                         ^~
../src/nuc/SSN.c:96:16: note: in expansion of macro 'XST_FAILURE'
   96 |         return XST_FAILURE;
      |                ^~~~~~~~~~~
../src/nuc/SSN.c:76:6: note: declared here
   76 | void wait_DeNoise_FPGA(mat_s32 *NUC_s32, int mean, int N){
      |      ^~~~~~~~~~~~~~~~~
In file included from D:/project/vitis_final/lwip_modi_3/export/lwip_modi_3/sw/lwip_modi_3/standalone_domain/bspinclude/include/xaxidma_bdring.h:60,
                 from D:/project/vitis_final/lwip_modi_3/export/lwip_modi_3/sw/lwip_modi_3/standalone_domain/bspinclude/include/xaxidma.h:467,
                 from ../src/nuc/SSN.c:1:
D:/project/vitis_final/lwip_modi_3/export/lwip_modi_3/sw/lwip_modi_3/standalone_domain/bspinclude/include/xstatus.h:42:41: warning: 'return' with a value, in function returning void [-Wreturn-type]
   42 | #define XST_SUCCESS                     0L
      |                                         ^~
../src/nuc/SSN.c:106:12: note: in expansion of macro 'XST_SUCCESS'
  106 |     return XST_SUCCESS;
      |            ^~~~~~~~~~~
../src/nuc/SSN.c:76:6: note: declared here
   76 | void wait_DeNoise_FPGA(mat_s32 *NUC_s32, int mean, int N){
      |      ^~~~~~~~~~~~~~~~~
'Finished building: ../src/nuc/SSN.c'
' '
'Building file: ../src/nuc/main.c'
'Invoking: ARM v8 gcc compiler'
aarch64-none-elf-gcc -Wall -O1 -g3 -c -fmessage-length=0 -MT"src/nuc/main.o" -ID:/project/vitis_final/lwip_modi_3/export/lwip_modi_3/sw/lwip_modi_3/standalone_domain/bspinclude/include -MMD -MP -MF"src/nuc/main.d" -MT"src/nuc/main.o" -o "src/nuc/main.o" "../src/nuc/main.c"
../src/nuc/main.c: In function 'nuc_init':
../src/nuc/main.c:25:5: warning: implicit declaration of function 'printf' [-Wimplicit-function-declaration]
   25 |     printf("cpu0 start! NUC 12121 \n");
      |     ^~~~~~
../src/nuc/main.c:25:5: warning: incompatible implicit declaration of built-in function 'printf'
../src/nuc/main.c:2:1: note: include '<stdio.h>' or provide a declaration of 'printf'
    1 | #include "main.h"
  +++ |+#include <stdio.h>
    2 | #define IMG_PATH "fp.raw"
../src/nuc/main.c:27:5: warning: implicit declaration of function 'Init' [-Wimplicit-function-declaration]
   27 |     Init();
      |     ^~~~
'Finished building: ../src/nuc/main.c'
' '
'Building file: ../src/lwip_app.c'
'Invoking: ARM v8 gcc compiler'
aarch64-none-elf-gcc -Wall -O1 -g3 -c -fmessage-length=0 -MT"src/lwip_app.o" -ID:/project/vitis_final/lwip_modi_3/export/lwip_modi_3/sw/lwip_modi_3/standalone_domain/bspinclude/include -MMD -MP -MF"src/lwip_app.d" -MT"src/lwip_app.o" -o "src/lwip_app.o" "../src/lwip_app.c"
../src/lwip_app.c: In function 'lwip_loop':
../src/lwip_app.c:43:30: warning: cast from pointer to integer of different size [-Wpointer-to-int-cast]
   43 |    Xil_DCacheInvalidateRange((u32)pFrames[index], frame_length_curr);
      |                              ^
../src/lwip_app.c:45:48: warning: passing argument 1 of 'infrared_NUC' from incompatible pointer type [-Wincompatible-pointer-types]
   45 |    uint16_t *return_Data = infrared_NUC(pFrames[index]);
      |                                         ~~~~~~~^~~~~~~
      |                                                |
      |                                                u8 * {aka unsigned char *}
../src/lwip_app.c:25:34: note: expected 'uint16_t *' {aka 'short unsigned int *'} but argument is of type 'u8 *' {aka 'unsigned char *'}
   25 | uint16_t *infrared_NUC(uint16_t *inputData);
      |                        ~~~~~~~~~~^~~~~~~~~
'Finished building: ../src/lwip_app.c'
' '
'Building target: cameralink_udp.elf'
'Invoking: ARM v8 gcc linker'
aarch64-none-elf-gcc -Wl,-T -Wl,../src/lscript.ld -LD:/project/vitis_final/lwip_modi_3/export/lwip_modi_3/sw/lwip_modi_3/standalone_domain/bsplib/lib -o "cameralink_udp.elf"  ./src/xdm/dma.o  ./src/nuc/IRNUC.o ./src/nuc/InitParam.o ./src/nuc/SSN.o ./src/nuc/file_op.o ./src/nuc/main.o ./src/nuc/shareOp.o ./src/nuc/utils.o  ./src/mat/mat.o ./src/mat/matCalGaussian_f32.o ./src/mat/matCalGaussian_s32.o ./src/mat/matCalGaussian_s64.o ./src/mat/matCalHist.o ./src/mat/matCalMedCover.o ./src/mat/matCal_s32.o ./src/mat/matCal_s64.o  ./src/debug.o ./src/display_demo.o ./src/echo.o ./src/lwip_app.o ./src/platform_zynq.o ./src/platform_zynqmp.o ./src/udp_init.o ./src/vdma.o ./src/zynq_interrupt.o   -lm -Wl,--start-group,-lxil,-lgcc,-lc,--end-group -Wl,--start-group,-lxilffs,-lxil,-lgcc,-lc,--end-group -Wl,--start-group,-lxil,-llwip4,-lgcc,-lc,--end-group
'Finished building target: cameralink_udp.elf'
' '
'Invoking: ARM v8 Print Size'
aarch64-none-elf-size cameralink_udp.elf  |tee "cameralink_udp.elf.size"
   text	   data	    bss	    dec	    hex	filename
 315375	   8384	499192053	499515812	1dc601a4	cameralink_udp.elf
'Finished building: cameralink_udp.elf.size'
' '

15:51:23 Build Finished (took 1s.895ms)

