15:55:30 **** Build of project lwip_modi_3 ****
buildplatform.bat 57120 lwip_modi_3  
XSDB Server Channel: tcfchan#3
Reading the platform  : "lwip_modi_3"
Failed to set param in mss for LIB
Failed to set param in mss for LIB
Failed to set param in mss for LIB
Failed to set param in mss for LIB
Failed to set param in mss for LIB
Failed to set param in mss for LIB
Failed to set param in mss for LIB
Reading the platform  : "lwip_modi_3"
Failed to set param in mss for LIB
Failed to set param in mss for LIB
Failed to set param in mss for LIB
Failed to set param in mss for LIB
Failed to set param in mss for LIB
Failed to set param in mss for LIB
Failed to set param in mss for LIB
No Platform exists with name:  lwip_modi_3
    invoked from within
"::tcf::eval -progress {apply {{msg} {puts $msg}}} {tcf_send_command tcfchan#0 xsdb eval s es {{platform active lwip_modi_3; platform generate }}}"
    (procedure "::tcf::send_command" line 4)
    invoked from within
"tcf send_command $::xsdb::curchan xsdb eval s es [list "platform active $PLATFORM_NAME; platform generate $target"]"
    invoked from within
"if { $iswindows == 1 } {    

    set XSDB_PORT [lindex $argv 0]
    set PLATFORM_NAME [lindex $argv 1]
    set arglen [llength $argv]
    set lastind..."
    (file "C:/Xilinx_vitis/Vitis/2021.2\scripts\vitis\util\buildplatform.tcl" line 11)
15:56:12 **** Incremental Build of configuration Debug for project camerlink_update ****
make all 
'Building file: ../src/nuc/InitParam.c'
'Invoking: ARM v8 gcc compiler'
aarch64-none-elf-gcc -Wall -O2 -g3 -c -fmessage-length=0 -MT"src/nuc/InitParam.o" -ID:/project/vitis_final/lwip_modi_3/export/lwip_modi_3/sw/lwip_modi_3/standalone_on_psu_cortexa53_1/bspinclude/include -MMD -MP -MF"src/nuc/InitParam.d" -MT"src/nuc/InitParam.o" -o "src/nuc/InitParam.o" "../src/nuc/InitParam.c"
'Finished building: ../src/nuc/InitParam.c'
' '
'Building target: camerlink_update.elf'
'Invoking: ARM v8 gcc linker'
aarch64-none-elf-gcc -Wl,-T -Wl,../src/lscript.ld -LD:/project/vitis_final/lwip_modi_3/export/lwip_modi_3/sw/lwip_modi_3/standalone_on_psu_cortexa53_1/bsplib/lib -o "camerlink_update.elf"  ./src/xdm/dma.o ./src/xdm/dma_DeNU_2.o  ./src/nuc/DeFPN.o ./src/nuc/DeNU_2.o ./src/nuc/DeNoise.o ./src/nuc/DeShading.o ./src/nuc/DeStrip.o ./src/nuc/IRNUC.o ./src/nuc/InitParam.o ./src/nuc/SSN.o ./src/nuc/file_op.o ./src/nuc/main.o ./src/nuc/shareOp.o ./src/nuc/utils.o  ./src/mat/mat.o ./src/mat/matCalGaussian_f32.o ./src/mat/matCalGaussian_s32.o ./src/mat/matCalGaussian_s64.o ./src/mat/matCalHist.o ./src/mat/matCalMedCover.o ./src/mat/matCal_s32.o ./src/mat/matCal_s64.o  ./src/helloworld.o ./src/platform.o   -lm -Wl,--start-group,-lxil,-lgcc,-lc,--end-group -Wl,--start-group,-lxilffs,-lxil,-lgcc,-lc,--end-group
'Finished building target: camerlink_update.elf'
' '
'Invoking: ARM v8 Print Size'
aarch64-none-elf-size camerlink_update.elf  |tee "camerlink_update.elf.size"
   text	   data	    bss	    dec	    hex	filename
 243592	   4836	446710376	446958804	1aa40cd4	camerlink_update.elf
'Finished building: camerlink_update.elf.size'
' '
